============================= test session starts =============================
platform win32 -- Python 3.13.0, pytest-9.0.1, pluggy-1.6.0
rootdir: C:\Users\sfent\Repos\presence-based-lighting
configfile: setup.cfg
plugins: anyio-4.11.0, aiohttp-1.1.0, asyncio-1.3.0, cov-7.0.0, sugar-1.1.1, timeout-2.4.0, unordered-0.7.0, xdist-3.8.0, requests-mock-1.12.1, respx-0.22.0, syrupy-5.0.0
asyncio: mode=Mode.AUTO, debug=False, asyncio_default_fixture_loop_scope=None, asyncio_default_test_loop_scope=function
collected 79 items

tests\test_p0_critical.py ..                                             [  2%]
tests\test_p1_clearing_sensors.py ....                                   [  7%]
tests\test_p1_config_flow.py ..........                                  [ 20%]
